#-----------------------------------------------------------
# Vivado v2021.2 (64-bit)
# SW Build 3367213 on Tue Oct 19 02:48:09 MDT 2021
# IP Build 3369179 on Thu Oct 21 08:25:16 MDT 2021
# Start of session at: Wed Mar 16 03:38:16 2022
# Process ID: 23236
# Current directory: C:/Users/nicho/Documents/GitHub/FPGA-16-bit-ALU/FPGA-16-bit-ALU/work/vivado/FPGA-16-bit-ALU/FPGA-16-bit-ALU.runs/impl_1
# Command line: vivado.exe -log au_top_0.vdi -applog -product Vivado -messageDb vivado.pb -mode batch -source au_top_0.tcl -notrace
# Log file: C:/Users/nicho/Documents/GitHub/FPGA-16-bit-ALU/FPGA-16-bit-ALU/work/vivado/FPGA-16-bit-ALU/FPGA-16-bit-ALU.runs/impl_1/au_top_0.vdi
# Journal file: C:/Users/nicho/Documents/GitHub/FPGA-16-bit-ALU/FPGA-16-bit-ALU/work/vivado/FPGA-16-bit-ALU/FPGA-16-bit-ALU.runs/impl_1\vivado.jou
# Running On: LAPTOP-D6VM0O5J, OS: Windows, CPU Frequency: 2895 MHz, CPU Physical cores: 16, Host memory: 17042 MB
#-----------------------------------------------------------
source au_top_0.tcl -notrace
